<!DOCTYPE html>
<html>
<head>
<meta charset="utf-8">
<style type="text/css">
pre {
  font-family:Courier New;
  font-size:10pt;
}

.af_line {
  color: gray;
  text-decoration: none;
}

</style>
<title>Source file</title>
</head>
<body>
<pre>
<span style="color:#0000ee;">Δ ./a.txt ⟶   ./b.txt</span>
<span style="color:#0000ee;">────────────────────────────────────────────────────────────────────────────────</span>

<span style="color:#0000ee;">─────</span><span style="color:#0000ee;">┐</span>
<span style="color:#0000ee;">•</span> <span style="color:#0000ee;">1</span>: <span style="color:#0000ee;">│</span>
<span style="color:#0000ee;">─────</span><span style="color:#0000ee;">┘</span>
<span style="color:#0000ee;">│</span><span style="color:#444444;">  1 </span><span style="color:#0000ee;">│</span><span style="color:#000000;">hoge</span>                              <span style="color:#0000ee;">│</span><span style="color:#444444;">  1 </span><span style="color:#0000ee;">│</span><span style="color:#000000;">hoge</span>
<span style="color:#0000ee;">│</span><span style="color:#870000;">  2 </span><span style="color:#0000ee;">│</span><span style="color:#dadada;background-color:#5f0000;">fuga</span><span style="background-color:#5f0000;">                              </span><span style="color:#0000ee;">│</span><span style="color:#008700;">    </span><span style="color:#0000ee;">│</span>
<span style="color:#0000ee;">│</span><span style="color:#870000;">  3 </span><span style="color:#0000ee;">│</span><span style="color:#dadada;background-color:#5f0000;">piyo</span><span style="background-color:#5f0000;">                              </span><span style="color:#0000ee;">│</span><span style="color:#008700;">    </span><span style="color:#0000ee;">│</span>
<span style="color:#0000ee;">│</span><span style="color:#870000;">    </span><span style="color:#0000ee;">│</span>                                  <span style="color:#0000ee;">│</span><span style="color:#008700;">  2 </span><span style="color:#0000ee;">│</span><span style="color:#dadada;background-color:#1c1c1c;">fugafuga</span><span style="background-color:#1c1c1c;">                          </span>
<span style="color:#0000ee;">│</span><span style="color:#870000;">    </span><span style="color:#0000ee;">│</span>                                  <span style="color:#0000ee;">│</span><span style="color:#008700;">  3 </span><span style="color:#0000ee;">│</span><span style="color:#dadada;background-color:#1c1c1c;">hogera</span><span style="background-color:#1c1c1c;">                            </span>
</pre>
</body>
</html>
<!--HTML generated by ansifilter 2.20, http://www.andre-simon.de/-->
